#! /c/Source/iverilog-install/bin/vvp
:ivl_version "12.0 (devel)" "(s20150603-1539-g2693dd32b)";
:ivl_delay_selection "TYPICAL";
:vpi_time_precision + 0;
:vpi_module "C:\iverilog\lib\ivl\system.vpi";
:vpi_module "C:\iverilog\lib\ivl\vhdl_sys.vpi";
:vpi_module "C:\iverilog\lib\ivl\vhdl_textio.vpi";
:vpi_module "C:\iverilog\lib\ivl\v2005_math.vpi";
:vpi_module "C:\iverilog\lib\ivl\va_math.vpi";
:vpi_module "C:\iverilog\lib\ivl\v2009.vpi";
S_000001c8a95163a0 .scope package, "$unit" "$unit" 2 1;
 .timescale 0 0;
S_000001c8a9516530 .scope module, "alu8" "alu8" 3 1;
 .timescale 0 0;
    .port_info 0 /INPUT 8 "a";
    .port_info 1 /INPUT 8 "b";
    .port_info 2 /INPUT 2 "op";
    .port_info 3 /OUTPUT 8 "y";
    .port_info 4 /OUTPUT 1 "zero";
o000001c8a9566fa8 .functor BUFZ 8, C4<zzzzzzzz>; HiZ drive
v000001c8a951ac80_0 .net "a", 7 0, o000001c8a9566fa8;  0 drivers
o000001c8a9566fd8 .functor BUFZ 8, C4<zzzzzzzz>; HiZ drive
v000001c8a951a460_0 .net "b", 7 0, o000001c8a9566fd8;  0 drivers
o000001c8a9567008 .functor BUFZ 2, C4<zz>; HiZ drive
v000001c8a951a640_0 .net "op", 1 0, o000001c8a9567008;  0 drivers
v000001c8a951b040_0 .var "y", 7 0;
v000001c8a951a280_0 .var "zero", 0 0;
E_000001c8a951caa0 .event anyedge, v000001c8a951a640_0, v000001c8a951ac80_0, v000001c8a951a460_0;
    .scope S_000001c8a9516530;
T_0 ;
Ewait_0 .event/or E_000001c8a951caa0, E_0x0;
    %wait Ewait_0;
    %load/vec4 v000001c8a951a640_0;
    %dup/vec4;
    %pushi/vec4 0, 0, 2;
    %cmp/u;
    %jmp/1 T_0.0, 6;
    %dup/vec4;
    %pushi/vec4 1, 0, 2;
    %cmp/u;
    %jmp/1 T_0.1, 6;
    %dup/vec4;
    %pushi/vec4 2, 0, 2;
    %cmp/u;
    %jmp/1 T_0.2, 6;
    %dup/vec4;
    %pushi/vec4 3, 0, 2;
    %cmp/u;
    %jmp/1 T_0.3, 6;
    %jmp T_0.4;
T_0.0 ;
    %load/vec4 v000001c8a951ac80_0;
    %load/vec4 v000001c8a951a460_0;
    %add;
    %store/vec4 v000001c8a951b040_0, 0, 8;
    %load/vec4 v000001c8a951b040_0;
    %pushi/vec4 0, 0, 8;
    %cmp/e;
    %flag_get/vec4 4;
    %store/vec4 v000001c8a951a280_0, 0, 1;
    %jmp T_0.4;
T_0.1 ;
    %load/vec4 v000001c8a951ac80_0;
    %load/vec4 v000001c8a951a460_0;
    %sub;
    %store/vec4 v000001c8a951b040_0, 0, 8;
    %load/vec4 v000001c8a951b040_0;
    %pushi/vec4 0, 0, 8;
    %cmp/e;
    %flag_get/vec4 4;
    %store/vec4 v000001c8a951a280_0, 0, 1;
    %jmp T_0.4;
T_0.2 ;
    %load/vec4 v000001c8a951ac80_0;
    %load/vec4 v000001c8a951a460_0;
    %and;
    %store/vec4 v000001c8a951b040_0, 0, 8;
    %load/vec4 v000001c8a951b040_0;
    %pushi/vec4 0, 0, 8;
    %cmp/e;
    %flag_get/vec4 4;
    %store/vec4 v000001c8a951a280_0, 0, 1;
    %jmp T_0.4;
T_0.3 ;
    %load/vec4 v000001c8a951ac80_0;
    %load/vec4 v000001c8a951a460_0;
    %or;
    %store/vec4 v000001c8a951b040_0, 0, 8;
    %load/vec4 v000001c8a951b040_0;
    %pushi/vec4 0, 0, 8;
    %cmp/e;
    %flag_get/vec4 4;
    %store/vec4 v000001c8a951a280_0, 0, 1;
    %jmp T_0.4;
T_0.4 ;
    %pop/vec4 1;
    %jmp T_0;
    .thread T_0, $push;
# The file index is used to find the file name in the following table.
:file_names 4;
    "N/A";
    "<interactive>";
    "-";
    "C:\Users\huzis\OneDrive\Documents\Projects\AMD-Developer-Hackathon\rtl-repair\results\generated_rtl_v3\ex015_alu_zero_flag_incomplete_comb.sv";
