#! /c/Source/iverilog-install/bin/vvp
:ivl_version "12.0 (devel)" "(s20150603-1539-g2693dd32b)";
:ivl_delay_selection "TYPICAL";
:vpi_time_precision + 0;
:vpi_module "C:\iverilog\lib\ivl\system.vpi";
:vpi_module "C:\iverilog\lib\ivl\vhdl_sys.vpi";
:vpi_module "C:\iverilog\lib\ivl\vhdl_textio.vpi";
:vpi_module "C:\iverilog\lib\ivl\v2005_math.vpi";
:vpi_module "C:\iverilog\lib\ivl\va_math.vpi";
:vpi_module "C:\iverilog\lib\ivl\v2009.vpi";
S_00000236d3e96400 .scope package, "$unit" "$unit" 2 1;
 .timescale 0 0;
S_00000236d3e96590 .scope module, "edge_detect" "edge_detect" 3 1;
 .timescale 0 0;
    .port_info 0 /INPUT 1 "clk";
    .port_info 1 /INPUT 1 "rst";
    .port_info 2 /INPUT 1 "sig";
    .port_info 3 /OUTPUT 1 "pulse";
o00000236d3ee6f98 .functor BUFZ 1, C4<z>; HiZ drive
v00000236d3e96c50_0 .net "clk", 0 0, o00000236d3ee6f98;  0 drivers
v00000236d3e9e6f0_0 .var "prev", 0 0;
v00000236d3e9e790_0 .var "pulse", 0 0;
o00000236d3ee7028 .functor BUFZ 1, C4<z>; HiZ drive
v00000236d3e9e830_0 .net "rst", 0 0, o00000236d3ee7028;  0 drivers
o00000236d3ee7058 .functor BUFZ 1, C4<z>; HiZ drive
v00000236d3e9e8d0_0 .net "sig", 0 0, o00000236d3ee7058;  0 drivers
E_00000236d3e986c0 .event posedge, v00000236d3e9e830_0, v00000236d3e96c50_0;
    .scope S_00000236d3e96590;
T_0 ;
    %wait E_00000236d3e986c0;
    %load/vec4 v00000236d3e9e830_0;
    %flag_set/vec4 8;
    %jmp/0xz  T_0.0, 8;
    %pushi/vec4 0, 0, 1;
    %assign/vec4 v00000236d3e9e6f0_0, 0;
    %pushi/vec4 0, 0, 1;
    %assign/vec4 v00000236d3e9e790_0, 0;
    %jmp T_0.1;
T_0.0 ;
    %load/vec4 v00000236d3e9e8d0_0;
    %assign/vec4 v00000236d3e9e6f0_0, 0;
    %load/vec4 v00000236d3e9e8d0_0;
    %load/vec4 v00000236d3e9e6f0_0;
    %inv;
    %and;
    %assign/vec4 v00000236d3e9e790_0, 0;
T_0.1 ;
    %jmp T_0;
    .thread T_0;
# The file index is used to find the file name in the following table.
:file_names 4;
    "N/A";
    "<interactive>";
    "-";
    "C:\Users\huzis\OneDrive\Documents\Projects\AMD-Developer-Hackathon\rtl-repair\results\generated_rtl_v3\ex011_edge_detector_blocking.sv";
