#! /c/Source/iverilog-install/bin/vvp
:ivl_version "12.0 (devel)" "(s20150603-1539-g2693dd32b)";
:ivl_delay_selection "TYPICAL";
:vpi_time_precision + 0;
:vpi_module "C:\iverilog\lib\ivl\system.vpi";
:vpi_module "C:\iverilog\lib\ivl\vhdl_sys.vpi";
:vpi_module "C:\iverilog\lib\ivl\vhdl_textio.vpi";
:vpi_module "C:\iverilog\lib\ivl\v2005_math.vpi";
:vpi_module "C:\iverilog\lib\ivl\va_math.vpi";
:vpi_module "C:\iverilog\lib\ivl\v2009.vpi";
S_00000240930a63a0 .scope package, "$unit" "$unit" 2 1;
 .timescale 0 0;
S_00000240930a6530 .scope module, "mod6_counter" "mod6_counter" 3 1;
 .timescale 0 0;
    .port_info 0 /INPUT 1 "clk";
    .port_info 1 /INPUT 1 "rst";
    .port_info 2 /INPUT 1 "en";
    .port_info 3 /OUTPUT 3 "count";
o0000024093166fd8 .functor BUFZ 1, C4<z>; HiZ drive
v00000240930a6980_0 .net "clk", 0 0, o0000024093166fd8;  0 drivers
v00000240931abc40_0 .var "count", 2 0;
o0000024093167038 .functor BUFZ 1, C4<z>; HiZ drive
v00000240931abce0_0 .net "en", 0 0, o0000024093167038;  0 drivers
o0000024093167068 .functor BUFZ 1, C4<z>; HiZ drive
v00000240931abd80_0 .net "rst", 0 0, o0000024093167068;  0 drivers
E_00000240930a96f0 .event posedge, v00000240931abd80_0, v00000240930a6980_0;
    .scope S_00000240930a6530;
T_0 ;
    %wait E_00000240930a96f0;
    %load/vec4 v00000240931abd80_0;
    %flag_set/vec4 8;
    %jmp/0xz  T_0.0, 8;
    %pushi/vec4 0, 0, 3;
    %assign/vec4 v00000240931abc40_0, 0;
    %jmp T_0.1;
T_0.0 ;
    %load/vec4 v00000240931abce0_0;
    %flag_set/vec4 8;
    %jmp/0xz  T_0.2, 8;
    %load/vec4 v00000240931abc40_0;
    %cmpi/e 5, 0, 3;
    %jmp/0xz  T_0.4, 4;
    %pushi/vec4 0, 0, 3;
    %assign/vec4 v00000240931abc40_0, 0;
    %jmp T_0.5;
T_0.4 ;
    %load/vec4 v00000240931abc40_0;
    %addi 1, 0, 3;
    %assign/vec4 v00000240931abc40_0, 0;
T_0.5 ;
T_0.2 ;
T_0.1 ;
    %jmp T_0;
    .thread T_0;
# The file index is used to find the file name in the following table.
:file_names 4;
    "N/A";
    "<interactive>";
    "-";
    "C:\Users\huzis\OneDrive\Documents\Projects\AMD-Developer-Hackathon\rtl-repair\results\generated_rtl_v3\ex025_counter_mod6_wrong_terminal.sv";
