#! /c/Source/iverilog-install/bin/vvp
:ivl_version "12.0 (devel)" "(s20150603-1539-g2693dd32b)";
:ivl_delay_selection "TYPICAL";
:vpi_time_precision + 0;
:vpi_module "C:\iverilog\lib\ivl\system.vpi";
:vpi_module "C:\iverilog\lib\ivl\vhdl_sys.vpi";
:vpi_module "C:\iverilog\lib\ivl\vhdl_textio.vpi";
:vpi_module "C:\iverilog\lib\ivl\v2005_math.vpi";
:vpi_module "C:\iverilog\lib\ivl\va_math.vpi";
:vpi_module "C:\iverilog\lib\ivl\v2009.vpi";
S_00000294ade863e0 .scope package, "$unit" "$unit" 2 1;
 .timescale 0 0;
S_00000294ade86570 .scope module, "valid_data_reg" "valid_data_reg" 3 1;
 .timescale 0 0;
    .port_info 0 /INPUT 1 "clk";
    .port_info 1 /INPUT 1 "rst";
    .port_info 2 /INPUT 1 "load";
    .port_info 3 /INPUT 8 "data_in";
    .port_info 4 /OUTPUT 8 "data_out";
    .port_info 5 /OUTPUT 1 "valid_out";
o00000294adf46fd8 .functor BUFZ 1, C4<z>; HiZ drive
v00000294ade869c0_0 .net "clk", 0 0, o00000294adf46fd8;  0 drivers
o00000294adf47008 .functor BUFZ 8, C4<zzzzzzzz>; HiZ drive
v00000294ade8ee30_0 .net "data_in", 7 0, o00000294adf47008;  0 drivers
v00000294ade8eed0_0 .var "data_out", 7 0;
o00000294adf47068 .functor BUFZ 1, C4<z>; HiZ drive
v00000294adf8bc40_0 .net "load", 0 0, o00000294adf47068;  0 drivers
o00000294adf47098 .functor BUFZ 1, C4<z>; HiZ drive
v00000294adf8bce0_0 .net "rst", 0 0, o00000294adf47098;  0 drivers
v00000294adf8bd80_0 .var "valid_out", 0 0;
E_00000294ade88fe0 .event posedge, v00000294adf8bce0_0, v00000294ade869c0_0;
    .scope S_00000294ade86570;
T_0 ;
    %wait E_00000294ade88fe0;
    %load/vec4 v00000294adf8bce0_0;
    %flag_set/vec4 8;
    %jmp/0xz  T_0.0, 8;
    %pushi/vec4 0, 0, 8;
    %assign/vec4 v00000294ade8eed0_0, 0;
    %pushi/vec4 0, 0, 1;
    %assign/vec4 v00000294adf8bd80_0, 0;
    %jmp T_0.1;
T_0.0 ;
    %load/vec4 v00000294adf8bc40_0;
    %flag_set/vec4 8;
    %jmp/0xz  T_0.2, 8;
    %load/vec4 v00000294ade8ee30_0;
    %assign/vec4 v00000294ade8eed0_0, 0;
    %pushi/vec4 1, 0, 1;
    %assign/vec4 v00000294adf8bd80_0, 0;
T_0.2 ;
T_0.1 ;
    %jmp T_0;
    .thread T_0;
# The file index is used to find the file name in the following table.
:file_names 4;
    "N/A";
    "<interactive>";
    "-";
    "C:\Users\huzis\OneDrive\Documents\Projects\AMD-Developer-Hackathon\rtl-repair\results\generated_rtl_v3\ex021_reset_missing_data_reg.sv";
