#! /c/Source/iverilog-install/bin/vvp
:ivl_version "12.0 (devel)" "(s20150603-1539-g2693dd32b)";
:ivl_delay_selection "TYPICAL";
:vpi_time_precision + 0;
:vpi_module "C:\iverilog\lib\ivl\system.vpi";
:vpi_module "C:\iverilog\lib\ivl\vhdl_sys.vpi";
:vpi_module "C:\iverilog\lib\ivl\vhdl_textio.vpi";
:vpi_module "C:\iverilog\lib\ivl\v2005_math.vpi";
:vpi_module "C:\iverilog\lib\ivl\va_math.vpi";
:vpi_module "C:\iverilog\lib\ivl\v2009.vpi";
S_000002c8e6a26290 .scope package, "$unit" "$unit" 2 1;
 .timescale 0 0;
S_000002c8e6a26420 .scope module, "uart_tx_fsm" "uart_tx_fsm" 3 1;
 .timescale 0 0;
    .port_info 0 /INPUT 1 "clk";
    .port_info 1 /INPUT 1 "rst";
    .port_info 2 /INPUT 1 "start";
    .port_info 3 /INPUT 1 "baud_tick";
    .port_info 4 /INPUT 3 "bit_index";
    .port_info 5 /OUTPUT 1 "in_data";
    .port_info 6 /OUTPUT 1 "in_stop";
enum000002c8e6a2ee60 .enum4 (2)
   "IDLE" 2'b00,
   "START" 2'b01,
   "DATA" 2'b10,
   "STOP" 2'b11
 ;
L_000002c8e6acda18 .functor BUFT 1, C4<10>, C4<0>, C4<0>, C4<0>;
v000002c8e6a28c10_0 .net/2u *"_ivl_0", 1 0, L_000002c8e6acda18;  1 drivers
L_000002c8e6acda60 .functor BUFT 1, C4<11>, C4<0>, C4<0>, C4<0>;
v000002c8e6a265b0_0 .net/2u *"_ivl_4", 1 0, L_000002c8e6acda60;  1 drivers
o000002c8e6a79038 .functor BUFZ 1, C4<z>; HiZ drive
v000002c8e6a26650_0 .net "baud_tick", 0 0, o000002c8e6a79038;  0 drivers
o000002c8e6a79068 .functor BUFZ 3, C4<zzz>; HiZ drive
v000002c8e6acc510_0 .net "bit_index", 2 0, o000002c8e6a79068;  0 drivers
o000002c8e6a79098 .functor BUFZ 1, C4<z>; HiZ drive
v000002c8e6acc5b0_0 .net "clk", 0 0, o000002c8e6a79098;  0 drivers
v000002c8e6acc650_0 .net "in_data", 0 0, L_000002c8e6acd590;  1 drivers
v000002c8e6acc6f0_0 .net "in_stop", 0 0, L_000002c8e6acd950;  1 drivers
v000002c8e6acc790_0 .var "next_state", 1 0;
o000002c8e6a79158 .functor BUFZ 1, C4<z>; HiZ drive
v000002c8e6acc830_0 .net "rst", 0 0, o000002c8e6a79158;  0 drivers
o000002c8e6a79188 .functor BUFZ 1, C4<z>; HiZ drive
v000002c8e6acc960_0 .net "start", 0 0, o000002c8e6a79188;  0 drivers
v000002c8e6accff0_0 .var "state", 1 0;
E_000002c8e6a773e0 .event anyedge, v000002c8e6accff0_0, v000002c8e6acc960_0, v000002c8e6a26650_0, v000002c8e6acc510_0;
E_000002c8e6a77ca0 .event posedge, v000002c8e6acc830_0, v000002c8e6acc5b0_0;
L_000002c8e6acd590 .cmp/eq 2, v000002c8e6accff0_0, L_000002c8e6acda18;
L_000002c8e6acd950 .cmp/eq 2, v000002c8e6accff0_0, L_000002c8e6acda60;
    .scope S_000002c8e6a26420;
T_0 ;
    %wait E_000002c8e6a77ca0;
    %load/vec4 v000002c8e6acc830_0;
    %flag_set/vec4 8;
    %jmp/0xz  T_0.0, 8;
    %pushi/vec4 0, 0, 2;
    %assign/vec4 v000002c8e6accff0_0, 0;
    %jmp T_0.1;
T_0.0 ;
    %load/vec4 v000002c8e6acc790_0;
    %assign/vec4 v000002c8e6accff0_0, 0;
T_0.1 ;
    %jmp T_0;
    .thread T_0;
    .scope S_000002c8e6a26420;
T_1 ;
Ewait_0 .event/or E_000002c8e6a773e0, E_0x0;
    %wait Ewait_0;
    %load/vec4 v000002c8e6accff0_0;
    %store/vec4 v000002c8e6acc790_0, 0, 2;
    %load/vec4 v000002c8e6accff0_0;
    %dup/vec4;
    %pushi/vec4 0, 0, 2;
    %cmp/u;
    %jmp/1 T_1.0, 6;
    %dup/vec4;
    %pushi/vec4 1, 0, 2;
    %cmp/u;
    %jmp/1 T_1.1, 6;
    %dup/vec4;
    %pushi/vec4 2, 0, 2;
    %cmp/u;
    %jmp/1 T_1.2, 6;
    %dup/vec4;
    %pushi/vec4 3, 0, 2;
    %cmp/u;
    %jmp/1 T_1.3, 6;
    %jmp T_1.4;
T_1.0 ;
    %load/vec4 v000002c8e6acc960_0;
    %flag_set/vec4 8;
    %jmp/0xz  T_1.5, 8;
    %pushi/vec4 1, 0, 2;
    %store/vec4 v000002c8e6acc790_0, 0, 2;
T_1.5 ;
    %jmp T_1.4;
T_1.1 ;
    %load/vec4 v000002c8e6a26650_0;
    %flag_set/vec4 8;
    %jmp/0xz  T_1.7, 8;
    %pushi/vec4 2, 0, 2;
    %store/vec4 v000002c8e6acc790_0, 0, 2;
T_1.7 ;
    %jmp T_1.4;
T_1.2 ;
    %load/vec4 v000002c8e6a26650_0;
    %flag_set/vec4 9;
    %flag_get/vec4 9;
    %jmp/0 T_1.11, 9;
    %load/vec4 v000002c8e6acc510_0;
    %pushi/vec4 7, 0, 3;
    %cmp/e;
    %flag_get/vec4 4;
    %and;
T_1.11;
    %flag_set/vec4 8;
    %jmp/0xz  T_1.9, 8;
    %pushi/vec4 3, 0, 2;
    %store/vec4 v000002c8e6acc790_0, 0, 2;
T_1.9 ;
    %jmp T_1.4;
T_1.3 ;
    %load/vec4 v000002c8e6a26650_0;
    %flag_set/vec4 8;
    %jmp/0xz  T_1.12, 8;
    %pushi/vec4 0, 0, 2;
    %store/vec4 v000002c8e6acc790_0, 0, 2;
T_1.12 ;
    %jmp T_1.4;
T_1.4 ;
    %pop/vec4 1;
    %jmp T_1;
    .thread T_1, $push;
# The file index is used to find the file name in the following table.
:file_names 4;
    "N/A";
    "<interactive>";
    "-";
    "C:\Users\huzis\OneDrive\Documents\Projects\AMD-Developer-Hackathon\rtl-repair\results\generated_rtl_v3\ex027_uart_tx_fsm_data_to_stop.sv";
