#! /c/Source/iverilog-install/bin/vvp
:ivl_version "12.0 (devel)" "(s20150603-1539-g2693dd32b)";
:ivl_delay_selection "TYPICAL";
:vpi_time_precision + 0;
:vpi_module "C:\iverilog\lib\ivl\system.vpi";
:vpi_module "C:\iverilog\lib\ivl\vhdl_sys.vpi";
:vpi_module "C:\iverilog\lib\ivl\vhdl_textio.vpi";
:vpi_module "C:\iverilog\lib\ivl\v2005_math.vpi";
:vpi_module "C:\iverilog\lib\ivl\va_math.vpi";
:vpi_module "C:\iverilog\lib\ivl\v2009.vpi";
S_000001f7c5376290 .scope package, "$unit" "$unit" 2 1;
 .timescale 0 0;
S_000001f7c5376420 .scope module, "uart_tx_fsm" "uart_tx_fsm" 3 1;
 .timescale 0 0;
    .port_info 0 /INPUT 1 "clk";
    .port_info 1 /INPUT 1 "rst";
    .port_info 2 /INPUT 1 "start";
    .port_info 3 /INPUT 1 "baud_tick";
    .port_info 4 /INPUT 3 "bit_index";
    .port_info 5 /OUTPUT 1 "in_data";
    .port_info 6 /OUTPUT 1 "in_stop";
enum000001f7c537ee60 .enum4 (2)
   "IDLE" 2'b00,
   "START" 2'b01,
   "DATA" 2'b10,
   "STOP" 2'b11
 ;
L_000001f7c52ada18 .functor BUFT 1, C4<10>, C4<0>, C4<0>, C4<0>;
v000001f7c5378c10_0 .net/2u *"_ivl_0", 1 0, L_000001f7c52ada18;  1 drivers
L_000001f7c52ada60 .functor BUFT 1, C4<11>, C4<0>, C4<0>, C4<0>;
v000001f7c53765b0_0 .net/2u *"_ivl_4", 1 0, L_000001f7c52ada60;  1 drivers
o000001f7c5259038 .functor BUFZ 1, C4<z>; HiZ drive
v000001f7c5376650_0 .net "baud_tick", 0 0, o000001f7c5259038;  0 drivers
o000001f7c5259068 .functor BUFZ 3, C4<zzz>; HiZ drive
v000001f7c52ac510_0 .net "bit_index", 2 0, o000001f7c5259068;  0 drivers
o000001f7c5259098 .functor BUFZ 1, C4<z>; HiZ drive
v000001f7c52ac5b0_0 .net "clk", 0 0, o000001f7c5259098;  0 drivers
v000001f7c52ac650_0 .net "in_data", 0 0, L_000001f7c52ad270;  1 drivers
v000001f7c52ac6f0_0 .net "in_stop", 0 0, L_000001f7c52ad130;  1 drivers
v000001f7c52ac790_0 .var "next_state", 1 0;
o000001f7c5259158 .functor BUFZ 1, C4<z>; HiZ drive
v000001f7c52ac830_0 .net "rst", 0 0, o000001f7c5259158;  0 drivers
o000001f7c5259188 .functor BUFZ 1, C4<z>; HiZ drive
v000001f7c52ac960_0 .net "start", 0 0, o000001f7c5259188;  0 drivers
v000001f7c52acf50_0 .var "state", 1 0;
E_000001f7c5257760 .event anyedge, v000001f7c52acf50_0, v000001f7c52ac960_0, v000001f7c5376650_0, v000001f7c52ac510_0;
E_000001f7c52579a0 .event posedge, v000001f7c52ac830_0, v000001f7c52ac5b0_0;
L_000001f7c52ad270 .cmp/eq 2, v000001f7c52acf50_0, L_000001f7c52ada18;
L_000001f7c52ad130 .cmp/eq 2, v000001f7c52acf50_0, L_000001f7c52ada60;
    .scope S_000001f7c5376420;
T_0 ;
    %wait E_000001f7c52579a0;
    %load/vec4 v000001f7c52ac830_0;
    %flag_set/vec4 8;
    %jmp/0xz  T_0.0, 8;
    %pushi/vec4 0, 0, 2;
    %assign/vec4 v000001f7c52acf50_0, 0;
    %jmp T_0.1;
T_0.0 ;
    %load/vec4 v000001f7c52ac790_0;
    %assign/vec4 v000001f7c52acf50_0, 0;
T_0.1 ;
    %jmp T_0;
    .thread T_0;
    .scope S_000001f7c5376420;
T_1 ;
Ewait_0 .event/or E_000001f7c5257760, E_0x0;
    %wait Ewait_0;
    %load/vec4 v000001f7c52acf50_0;
    %store/vec4 v000001f7c52ac790_0, 0, 2;
    %load/vec4 v000001f7c52acf50_0;
    %dup/vec4;
    %pushi/vec4 0, 0, 2;
    %cmp/u;
    %jmp/1 T_1.0, 6;
    %dup/vec4;
    %pushi/vec4 1, 0, 2;
    %cmp/u;
    %jmp/1 T_1.1, 6;
    %dup/vec4;
    %pushi/vec4 2, 0, 2;
    %cmp/u;
    %jmp/1 T_1.2, 6;
    %dup/vec4;
    %pushi/vec4 3, 0, 2;
    %cmp/u;
    %jmp/1 T_1.3, 6;
    %jmp T_1.4;
T_1.0 ;
    %load/vec4 v000001f7c52ac960_0;
    %flag_set/vec4 8;
    %jmp/0xz  T_1.5, 8;
    %pushi/vec4 1, 0, 2;
    %store/vec4 v000001f7c52ac790_0, 0, 2;
T_1.5 ;
    %jmp T_1.4;
T_1.1 ;
    %load/vec4 v000001f7c5376650_0;
    %flag_set/vec4 8;
    %jmp/0xz  T_1.7, 8;
    %pushi/vec4 2, 0, 2;
    %store/vec4 v000001f7c52ac790_0, 0, 2;
T_1.7 ;
    %jmp T_1.4;
T_1.2 ;
    %load/vec4 v000001f7c5376650_0;
    %flag_set/vec4 9;
    %flag_get/vec4 9;
    %jmp/0 T_1.11, 9;
    %load/vec4 v000001f7c52ac510_0;
    %pushi/vec4 7, 0, 3;
    %cmp/e;
    %flag_get/vec4 4;
    %and;
T_1.11;
    %flag_set/vec4 8;
    %jmp/0xz  T_1.9, 8;
    %pushi/vec4 3, 0, 2;
    %store/vec4 v000001f7c52ac790_0, 0, 2;
T_1.9 ;
    %jmp T_1.4;
T_1.3 ;
    %load/vec4 v000001f7c5376650_0;
    %flag_set/vec4 8;
    %jmp/0xz  T_1.12, 8;
    %pushi/vec4 0, 0, 2;
    %store/vec4 v000001f7c52ac790_0, 0, 2;
T_1.12 ;
    %jmp T_1.4;
T_1.4 ;
    %pop/vec4 1;
    %jmp T_1;
    .thread T_1, $push;
# The file index is used to find the file name in the following table.
:file_names 4;
    "N/A";
    "<interactive>";
    "-";
    "C:\Users\huzis\OneDrive\Documents\Projects\AMD-Developer-Hackathon\rtl-repair\results\generated_rtl_v5\ex027_uart_tx_fsm_data_to_stop.sv";
