#! /c/Source/iverilog-install/bin/vvp
:ivl_version "12.0 (devel)" "(s20150603-1539-g2693dd32b)";
:ivl_delay_selection "TYPICAL";
:vpi_time_precision + 0;
:vpi_module "C:\iverilog\lib\ivl\system.vpi";
:vpi_module "C:\iverilog\lib\ivl\vhdl_sys.vpi";
:vpi_module "C:\iverilog\lib\ivl\vhdl_textio.vpi";
:vpi_module "C:\iverilog\lib\ivl\v2005_math.vpi";
:vpi_module "C:\iverilog\lib\ivl\va_math.vpi";
:vpi_module "C:\iverilog\lib\ivl\v2009.vpi";
S_0000025948f863e0 .scope package, "$unit" "$unit" 2 1;
 .timescale 0 0;
S_0000025948f86570 .scope module, "valid_data_reg" "valid_data_reg" 3 1;
 .timescale 0 0;
    .port_info 0 /INPUT 1 "clk";
    .port_info 1 /INPUT 1 "rst";
    .port_info 2 /INPUT 1 "load";
    .port_info 3 /INPUT 8 "data_in";
    .port_info 4 /OUTPUT 8 "data_out";
    .port_info 5 /OUTPUT 1 "valid_out";
o0000025948ea6fd8 .functor BUFZ 1, C4<z>; HiZ drive
v0000025948f869c0_0 .net "clk", 0 0, o0000025948ea6fd8;  0 drivers
o0000025948ea7008 .functor BUFZ 8, C4<zzzzzzzz>; HiZ drive
v0000025948f8ee30_0 .net "data_in", 7 0, o0000025948ea7008;  0 drivers
v0000025948f8eed0_0 .var "data_out", 7 0;
o0000025948ea7068 .functor BUFZ 1, C4<z>; HiZ drive
v0000025948eebc40_0 .net "load", 0 0, o0000025948ea7068;  0 drivers
o0000025948ea7098 .functor BUFZ 1, C4<z>; HiZ drive
v0000025948eebce0_0 .net "rst", 0 0, o0000025948ea7098;  0 drivers
v0000025948eebd80_0 .var "valid_out", 0 0;
E_0000025948f88320 .event posedge, v0000025948eebce0_0, v0000025948f869c0_0;
    .scope S_0000025948f86570;
T_0 ;
    %wait E_0000025948f88320;
    %load/vec4 v0000025948eebce0_0;
    %flag_set/vec4 8;
    %jmp/0xz  T_0.0, 8;
    %pushi/vec4 0, 0, 8;
    %assign/vec4 v0000025948f8eed0_0, 0;
    %jmp T_0.1;
T_0.0 ;
    %load/vec4 v0000025948eebc40_0;
    %flag_set/vec4 8;
    %jmp/0xz  T_0.2, 8;
    %load/vec4 v0000025948f8ee30_0;
    %assign/vec4 v0000025948f8eed0_0, 0;
    %pushi/vec4 1, 0, 1;
    %assign/vec4 v0000025948eebd80_0, 0;
    %jmp T_0.3;
T_0.2 ;
    %pushi/vec4 0, 0, 1;
    %assign/vec4 v0000025948eebd80_0, 0;
T_0.3 ;
T_0.1 ;
    %jmp T_0;
    .thread T_0;
# The file index is used to find the file name in the following table.
:file_names 4;
    "N/A";
    "<interactive>";
    "-";
    "C:\Users\huzis\OneDrive\Documents\Projects\AMD-Developer-Hackathon\rtl-repair\results\generated_rtl_v5\ex021_reset_missing_data_reg.sv";
